{
  "aggregate": {
    "ordinal": {
      "full": {
        "accuracy": {
          "mean": 0.8251282051282052,
          "std": 0.023388213848187456
        },
        "macro_f1": {
          "mean": 0.8271727640842907,
          "std": 0.02332189118484132
        },
        "severity_mae": {
          "mean": 0.18564102564102564,
          "std": 0.02674544576493395
        },
        "underestimation_rate": {
          "mean": 0.07641025641025642,
          "std": 0.004932149759402912
        }
      },
      "center": {
        "accuracy": {
          "mean": 0.7892307692307693,
          "std": 0.007777308147745191
        },
        "macro_f1": {
          "mean": 0.7904559732018328,
          "std": 0.00741999909995403
        },
        "severity_mae": {
          "mean": 0.22564102564102564,
          "std": 0.0065372045046061325
        },
        "underestimation_rate": {
          "mean": 0.10205128205128204,
          "std": 0.005254846546645946
        }
      },
      "cross": {
        "accuracy": {
          "mean": 0.8328205128205128,
          "std": 0.024352225785812823
        },
        "macro_f1": {
          "mean": 0.8346332749359512,
          "std": 0.024333476311580265
        },
        "severity_mae": {
          "mean": 0.17692307692307693,
          "std": 0.030175903322922616
        },
        "underestimation_rate": {
          "mean": 0.07435897435897436,
          "std": 0.0018130943107347406
        }
      }
    },
    "ordinal_under": {
      "full": {
        "accuracy": {
          "mean": 0.822051282051282,
          "std": 0.022761375406330418
        },
        "macro_f1": {
          "mean": 0.824434201864897,
          "std": 0.022245057966764795
        },
        "severity_mae": {
          "mean": 0.18974358974358974,
          "std": 0.0237785089628095
        },
        "underestimation_rate": {
          "mean": 0.07333333333333333,
          "std": 0.011552697770326987
        }
      },
      "center": {
        "accuracy": {
          "mean": 0.7897435897435898,
          "std": 0.016115134730739146
        },
        "macro_f1": {
          "mean": 0.7907150267498746,
          "std": 0.015527988796694148
        },
        "severity_mae": {
          "mean": 0.2246153846153846,
          "std": 0.012769127792808954
        },
        "underestimation_rate": {
          "mean": 0.10051282051282051,
          "std": 0.0038031787113311103
        }
      },
      "cross": {
        "accuracy": {
          "mean": 0.8266666666666668,
          "std": 0.020720106513678876
        },
        "macro_f1": {
          "mean": 0.8287864593598643,
          "std": 0.020323830819189488
        },
        "severity_mae": {
          "mean": 0.18307692307692308,
          "std": 0.02111301420537323
        },
        "underestimation_rate": {
          "mean": 0.07487179487179488,
          "std": 0.01385564726780133
        }
      }
    }
  },
  "paired": {
    "ordinal": {
      "full": {
        "0": {
          "macro_f1": {
            "mean": -0.014216059756081372,
            "ci95": [
              -0.04612643036692275,
              0.015218477903506009
            ]
          },
          "severity_mae": {
            "mean": 0.019982051282051282,
            "ci95": [
              -0.01032051282051281,
              0.05384615384615385
            ]
          },
          "underestimation_rate": {
            "mean": 0.01797179487179487,
            "ci95": [
              -0.002564102564102569,
              0.03852564102564097
            ]
          }
        },
        "1": {
          "macro_f1": {
            "mean": -0.01629903380773728,
            "ci95": [
              -0.04912375754980133,
              0.013664595090760503
            ]
          },
          "severity_mae": {
            "mean": 0.022592307692307696,
            "ci95": [
              -0.01282051282051283,
              0.06153846153846154
            ]
          },
          "underestimation_rate": {
            "mean": -0.013197435897435899,
            "ci95": [
              -0.035897435897435895,
              0.010256410256410248
            ]
          }
        },
        "2": {
          "macro_f1": {
            "mean": 0.010671040653397548,
            "ci95": [
              -0.010186870800977113,
              0.035338943904161986
            ]
          },
          "severity_mae": {
            "mean": -0.015433333333333334,
            "ci95": [
              -0.041025641025641046,
              0.007692307692307693
            ]
          },
          "underestimation_rate": {
            "mean": 0.0024282051282051285,
            "ci95": [
              -0.015384615384615385,
              0.02051282051282051
            ]
          }
        },
        "3": {
          "macro_f1": {
            "mean": 0.02347171496371373,
            "ci95": [
              -0.0066048662073163455,
              0.053724887630505126
            ]
          },
          "severity_mae": {
            "mean": -0.025182051282051282,
            "ci95": [
              -0.05897435897435896,
              0.007756410256410199
            ]
          },
          "underestimation_rate": {
            "mean": -0.002205128205128205,
            "ci95": [
              -0.02564102564102564,
              0.02051282051282051
            ]
          }
        },
        "4": {
          "macro_f1": {
            "mean": -0.039929653206757176,
            "ci95": [
              -0.07635304285165076,
              -0.0026204199450148946
            ]
          },
          "severity_mae": {
            "mean": 0.051276923076923074,
            "ci95": [
              0.010256410256410275,
              0.09230769230769231
            ]
          },
          "underestimation_rate": {
            "mean": 0.002315384615384615,
            "ci95": [
              -0.023076923076923078,
              0.025641025641025647
            ]
          }
        }
      },
      "center": {
        "0": {
          "macro_f1": {
            "mean": -0.011704159655414971,
            "ci95": [
              -0.03314528315578873,
              0.009667418781501763
            ]
          },
          "severity_mae": {
            "mean": 0.010264102564102566,
            "ci95": [
              -0.015384615384615385,
              0.03589743589743591
            ]
          },
          "underestimation_rate": {
            "mean": 0.007428205128205128,
            "ci95": [
              -0.005128205128205138,
              0.023076923076923078
            ]
          }
        },
        "1": {
          "macro_f1": {
            "mean": 0.006238256352014704,
            "ci95": [
              -0.017891684173606526,
              0.03228523952478503
            ]
          },
          "severity_mae": {
            "mean": -0.009584615384615386,
            "ci95": [
              -0.041025641025641046,
              0.020512820512820495
            ]
          },
          "underestimation_rate": {
            "mean": 0.00793076923076923,
            "ci95": [
              -0.005128205128205138,
              0.023076923076923078
            ]
          }
        },
        "2": {
          "macro_f1": {
            "mean": -0.0007053551302431051,
            "ci95": [
              -0.020942151017632575,
              0.01932085321959173
            ]
          },
          "severity_mae": {
            "mean": -0.00035641025641025635,
            "ci95": [
              -0.025641025641025633,
              0.02564102564102566
            ]
          },
          "underestimation_rate": {
            "mean": -0.007582051282051282,
            "ci95": [
              -0.020512820512820523,
              0.005128205128205124
            ]
          }
        },
        "3": {
          "macro_f1": {
            "mean": 0.014206207313932937,
            "ci95": [
              -0.01080185533763819,
              0.03879534911913585
            ]
          },
          "severity_mae": {
            "mean": -0.020653846153846155,
            "ci95": [
              -0.046153846153846156,
              0.005128205128205111
            ]
          },
          "underestimation_rate": {
            "mean": 0.007612820512820514,
            "ci95": [
              -0.010256410256410262,
              0.025641025641025633
            ]
          }
        },
        "4": {
          "macro_f1": {
            "mean": -0.0038438747524348693,
            "ci95": [
              -0.022210066814100114,
              0.015050895643210787
            ]
          },
          "severity_mae": {
            "mean": -0.002482051282051282,
            "ci95": [
              -0.025641025641025633,
              0.01794871794871794
            ]
          },
          "underestimation_rate": {
            "mean": -0.002610256410256411,
            "ci95": [
              -0.015384615384615385,
              0.010256410256410262
            ]
          }
        }
      },
      "cross": {
        "0": {
          "macro_f1": {
            "mean": -0.0017080202486496289,
            "ci95": [
              -0.026060565994243022,
              0.02322418530162706
            ]
          },
          "severity_mae": {
            "mean": 0.0019897435897435894,
            "ci95": [
              -0.023076923076923078,
              0.028205128205128216
            ]
          },
          "underestimation_rate": {
            "mean": 0.012446153846153845,
            "ci95": [
              -0.002564102564102569,
              0.028205128205128202
            ]
          }
        },
        "1": {
          "macro_f1": {
            "mean": -0.024344841721995872,
            "ci95": [
              -0.05566820341846512,
              0.005734815847518303
            ]
          },
          "severity_mae": {
            "mean": 0.0369948717948718,
            "ci95": [
              0.0,
              0.07435897435897437
            ]
          },
          "underestimation_rate": {
            "mean": -0.000441025641025641,
            "ci95": [
              -0.023141025641025638,
              0.020512820512820523
            ]
          }
        },
        "2": {
          "macro_f1": {
            "mean": 0.013797316669905683,
            "ci95": [
              -0.008129548086346722,
              0.03731734531865174
            ]
          },
          "severity_mae": {
            "mean": -0.02104615384615385,
            "ci95": [
              -0.051282051282051266,
              0.005128205128205124
            ]
          },
          "underestimation_rate": {
            "mean": 0.004743589743589744,
            "ci95": [
              -0.012820512820512817,
              0.023076923076923078
            ]
          }
        },
        "3": {
          "macro_f1": {
            "mean": 0.026834256212363575,
            "ci95": [
              -0.0038101227844416024,
              0.05906325886168481
            ]
          },
          "severity_mae": {
            "mean": -0.02621794871794872,
            "ci95": [
              -0.06153846153846154,
              0.007692307692307693
            ]
          },
          "underestimation_rate": {
            "mean": -0.010374358974358976,
            "ci95": [
              -0.03333333333333334,
              0.010256410256410262
            ]
          }
        },
        "4": {
          "macro_f1": {
            "mean": -0.03314535564865038,
            "ci95": [
              -0.06336916738471247,
              -0.0024178274324941364
            ]
          },
          "severity_mae": {
            "mean": 0.043397435897435895,
            "ci95": [
              0.010256410256410248,
              0.07948717948717948
            ]
          },
          "underestimation_rate": {
            "mean": -0.0025641025641025637,
            "ci95": [
              -0.02307692307692307,
              0.01794871794871794
            ]
          }
        }
      }
    },
    "ordinal_under": {
      "full": {
        "0": {
          "macro_f1": {
            "mean": -0.021441760510639996,
            "ci95": [
              -0.0527668950288401,
              0.011160811993481743
            ]
          },
          "severity_mae": {
            "mean": 0.030289743589743595,
            "ci95": [
              -0.00512820512820511,
              0.0641025641025641
            ]
          },
          "underestimation_rate": {
            "mean": 0.017566666666666668,
            "ci95": [
              -0.005128205128205124,
              0.04102564102564103
            ]
          }
        },
        "1": {
          "macro_f1": {
            "mean": 0.00360465534429264,
            "ci95": [
              -0.027253734708813974,
              0.033493822061646514
            ]
          },
          "severity_mae": {
            "mean": -0.002976923076923077,
            "ci95": [
              -0.04102564102564102,
              0.033333333333333326
            ]
          },
          "underestimation_rate": {
            "mean": -0.018146153846153843,
            "ci95": [
              -0.041025641025641026,
              0.005128205128205124
            ]
          }
        },
        "2": {
          "macro_f1": {
            "mean": -0.042097306884339374,
            "ci95": [
              -0.07701023853783019,
              -0.007592983897207353
            ]
          },
          "severity_mae": {
            "mean": 0.04648205128205129,
            "ci95": [
              0.007692307692307693,
              0.0871794871794872
            ]
          },
          "underestimation_rate": {
            "mean": 0.012658974358974359,
            "ci95": [
              -0.012820512820512817,
              0.038461538461538464
            ]
          }
        },
        "3": {
          "macro_f1": {
            "mean": 0.024032274122094226,
            "ci95": [
              -0.004231045787772961,
              0.05198416847827902
            ]
          },
          "severity_mae": {
            "mean": -0.02551538461538462,
            "ci95": [
              -0.05647435897435899,
              0.005128205128205138
            ]
          },
          "underestimation_rate": {
            "mean": -0.012669230769230771,
            "ci95": [
              -0.03333333333333334,
              0.007692307692307693
            ]
          }
        },
        "4": {
          "macro_f1": {
            "mean": -0.014448670241202678,
            "ci95": [
              -0.04759332950886952,
              0.01717242091341644
            ]
          },
          "severity_mae": {
            "mean": 0.025617948717948723,
            "ci95": [
              -0.010256410256410248,
              0.061602564102564046
            ]
          },
          "underestimation_rate": {
            "mean": -0.007515384615384616,
            "ci95": [
              -0.028205128205128202,
              0.012820512820512824
            ]
          }
        }
      },
      "center": {
        "0": {
          "macro_f1": {
            "mean": -0.030136591231397468,
            "ci95": [
              -0.05335027590743823,
              -0.008516360402568207
            ]
          },
          "severity_mae": {
            "mean": 0.0233,
            "ci95": [
              -0.0025641025641025836,
              0.04878205128205124
            ]
          },
          "underestimation_rate": {
            "mean": 0.008,
            "ci95": [
              -0.002564102564102569,
              0.017948717948717954
            ]
          }
        },
        "1": {
          "macro_f1": {
            "mean": 0.020610759702106275,
            "ci95": [
              -0.004891186718014656,
              0.04675889146847967
            ]
          },
          "severity_mae": {
            "mean": -0.01993846153846154,
            "ci95": [
              -0.051282051282051294,
              0.010256410256410275
            ]
          },
          "underestimation_rate": {
            "mean": 0.005628205128205129,
            "ci95": [
              -0.010256410256410262,
              0.023076923076923078
            ]
          }
        },
        "2": {
          "macro_f1": {
            "mean": -0.010794382339569385,
            "ci95": [
              -0.03374760807722374,
              0.011207555100886077
            ]
          },
          "severity_mae": {
            "mean": 0.006982051282051282,
            "ci95": [
              -0.018012820512820528,
              0.033333333333333326
            ]
          },
          "underestimation_rate": {
            "mean": -0.005064102564102565,
            "ci95": [
              -0.020512820512820495,
              0.007692307692307693
            ]
          }
        },
        "3": {
          "macro_f1": {
            "mean": 0.022244840764800492,
            "ci95": [
              -0.006211378563656713,
              0.049463431995209396
            ]
          },
          "severity_mae": {
            "mean": -0.028546153846153846,
            "ci95": [
              -0.056410256410256404,
              0.0
            ]
          },
          "underestimation_rate": {
            "mean": 0.002548717948717949,
            "ci95": [
              -0.015448717948717945,
              0.023076923076923078
            ]
          }
        },
        "4": {
          "macro_f1": {
            "mean": 0.003733022688258205,
            "ci95": [
              -0.01182850128987915,
              0.0208594004500423
            ]
          },
          "severity_mae": {
            "mean": -0.010330769230769232,
            "ci95": [
              -0.028205128205128216,
              0.007692307692307693
            ]
          },
          "underestimation_rate": {
            "mean": -0.005158974358974358,
            "ci95": [
              -0.02051282051282051,
              0.007692307692307693
            ]
          }
        }
      },
      "cross": {
        "0": {
          "macro_f1": {
            "mean": -0.02733329616670349,
            "ci95": [
              -0.05723195691857656,
              0.004301918672198108
            ]
          },
          "severity_mae": {
            "mean": 0.030561538461538463,
            "ci95": [
              -0.0025641025641025827,
              0.0641025641025641
            ]
          },
          "underestimation_rate": {
            "mean": 0.028412820512820514,
            "ci95": [
              0.005128205128205131,
              0.05128205128205128
            ]
          }
        },
        "1": {
          "macro_f1": {
            "mean": 0.0030711122333568997,
            "ci95": [
              -0.023684843944999055,
              0.03000734937149242
            ]
          },
          "severity_mae": {
            "mean": 0.0026794871794871794,
            "ci95": [
              -0.03076923076923077,
              0.03589743589743591
            ]
          },
          "underestimation_rate": {
            "mean": -0.015402564102564104,
            "ci95": [
              -0.03333333333333334,
              0.002564102564102562
            ]
          }
        },
        "2": {
          "macro_f1": {
            "mean": -0.03698481474187753,
            "ci95": [
              -0.0677336647529657,
              -0.0071821108878926815
            ]
          },
          "severity_mae": {
            "mean": 0.03863589743589743,
            "ci95": [
              0.005128205128205137,
              0.07179487179487179
            ]
          },
          "underestimation_rate": {
            "mean": 0.020930769230769232,
            "ci95": [
              0.0,
              0.04102564102564103
            ]
          }
        },
        "3": {
          "macro_f1": {
            "mean": 0.01760581507962775,
            "ci95": [
              -0.014294813783925043,
              0.048197586343592176
            ]
          },
          "severity_mae": {
            "mean": -0.016702564102564103,
            "ci95": [
              -0.051282051282051266,
              0.017948717948717968
            ]
          },
          "underestimation_rate": {
            "mean": -0.014915384615384615,
            "ci95": [
              -0.038461538461538464,
              0.007692307692307693
            ]
          }
        },
        "4": {
          "macro_f1": {
            "mean": -0.008091201452875788,
            "ci95": [
              -0.03885620548256652,
              0.020070210856679985
            ]
          },
          "severity_mae": {
            "mean": 0.015951282051282052,
            "ci95": [
              -0.015384615384615385,
              0.051282051282051266
            ]
          },
          "underestimation_rate": {
            "mean": -0.010117948717948718,
            "ci95": [
              -0.03076923076923077,
              0.010256410256410255
            ]
          }
        }
      }
    }
  }
}
