regions: 32/927
regions: 544/927
{
  "aggregate": {
    "accuracy": {
      "mean": 0.14563106796116504,
      "std": 0.033632054515900525
    },
    "macro_f1": {
      "mean": 0.1237169075582782,
      "std": 0.045587578674769764
    },
    "severity_mae": {
      "mean": 1.166990291262136,
      "std": 0.06306944376276391
    },
    "underestimation_rate": {
      "mean": 0.02524271844660194,
      "std": 0.008683759135921513
    }
  },
  "binary_DR_vs_normal": {
    "auroc": {
      "mean": 0.700085251491901,
      "std": 0.02556407817765227
    },
    "ap": {
      "mean": 0.8509258527228116,
      "std": 0.016305949676870497
    }
  }
}
