g=1: 32/876
g=1: 544/876
g=1: 32/364
g=1: 32/390
saved grid 1
g=2: 32/3504
g=2: 544/3504
g=2: 1056/3504
g=2: 1568/3504
g=2: 2080/3504
g=2: 2592/3504
g=2: 3104/3504
g=2: 32/1456
g=2: 544/1456
g=2: 1056/1456
g=2: 32/1560
g=2: 544/1560
g=2: 1056/1560
g=2: 1560/1560
saved grid 2
g=3: 32/7884
g=3: 544/7884
g=3: 1056/7884
g=3: 1568/7884
g=3: 2080/7884
g=3: 2592/7884
g=3: 3104/7884
g=3: 3616/7884
g=3: 4128/7884
g=3: 4640/7884
g=3: 5152/7884
g=3: 5664/7884
g=3: 6176/7884
g=3: 6688/7884
g=3: 7200/7884
g=3: 7712/7884
g=3: 32/3276
g=3: 544/3276
g=3: 1056/3276
g=3: 1568/3276
g=3: 2080/3276
g=3: 2592/3276
g=3: 3104/3276
g=3: 32/3510
g=3: 544/3510
g=3: 1056/3510
g=3: 1568/3510
g=3: 2080/3510
g=3: 2592/3510
g=3: 3104/3510
saved grid 3
g=4: 32/14016
g=4: 544/14016
g=4: 1056/14016
g=4: 1568/14016
g=4: 2080/14016
g=4: 2592/14016
g=4: 3104/14016
g=4: 3616/14016
g=4: 4128/14016
g=4: 4640/14016
g=4: 5152/14016
g=4: 5664/14016
g=4: 6176/14016
g=4: 6688/14016
g=4: 7200/14016
g=4: 7712/14016
g=4: 8224/14016
g=4: 8736/14016
g=4: 9248/14016
g=4: 9760/14016
g=4: 10272/14016
g=4: 10784/14016
g=4: 11296/14016
g=4: 11808/14016
g=4: 12320/14016
g=4: 12832/14016
g=4: 13344/14016
g=4: 13856/14016
g=4: 32/5824
g=4: 544/5824
g=4: 1056/5824
g=4: 1568/5824
g=4: 2080/5824
g=4: 2592/5824
g=4: 3104/5824
g=4: 3616/5824
g=4: 4128/5824
g=4: 4640/5824
g=4: 5152/5824
g=4: 5664/5824
g=4: 32/6240
g=4: 544/6240
g=4: 1056/6240
g=4: 1568/6240
g=4: 2080/6240
g=4: 2592/6240
g=4: 3104/6240
g=4: 3616/6240
g=4: 4128/6240
g=4: 4640/6240
g=4: 5152/6240
g=4: 5664/6240
g=4: 6176/6240
saved grid 4
{
  "device": "mps",
  "n_images": 1630,
  "grids": {
    "1": {
      "train": [
        876,
        1,
        1280
      ],
      "val": [
        364,
        1,
        1280
      ],
      "test": [
        390,
        1,
        1280
      ]
    },
    "2": {
      "train": [
        876,
        4,
        1280
      ],
      "val": [
        364,
        4,
        1280
      ],
      "test": [
        390,
        4,
        1280
      ]
    },
    "3": {
      "train": [
        876,
        9,
        1280
      ],
      "val": [
        364,
        9,
        1280
      ],
      "test": [
        390,
        9,
        1280
      ]
    },
    "4": {
      "train": [
        876,
        16,
        1280
      ],
      "val": [
        364,
        16,
        1280
      ],
      "test": [
        390,
        16,
        1280
      ]
    }
  },
  "split_counts": {
    "train": [
      260,
      351,
      265
    ],
    "val": [
      107,
      146,
      111
    ],
    "test": [
      129,
      137,
      124
    ]
  }
}
