{
  "n_seeds": 5,
  "rows": [
    {
      "seed": 0,
      "view": "full",
      "best_val_macro_f1": 0.7578849652516272,
      "epochs": 47,
      "accuracy": 0.841025641025641,
      "macro_f1": 0.8426622215256901,
      "severity_mae": 0.16666666666666666,
      "underestimation_rate": 0.05897435897435897
    },
    {
      "seed": 0,
      "view": "center",
      "best_val_macro_f1": 0.7578849652516272,
      "epochs": 47,
      "accuracy": 0.8025641025641026,
      "macro_f1": 0.80342562819343,
      "severity_mae": 0.2153846153846154,
      "underestimation_rate": 0.08717948717948718
    },
    {
      "seed": 0,
      "view": "cross",
      "best_val_macro_f1": 0.7578849652516272,
      "epochs": 47,
      "accuracy": 0.8435897435897436,
      "macro_f1": 0.8449773871818037,
      "severity_mae": 0.16666666666666666,
      "underestimation_rate": 0.05897435897435897
    },
    {
      "seed": 1,
      "view": "full",
      "best_val_macro_f1": 0.7608917234678296,
      "epochs": 68,
      "accuracy": 0.8153846153846154,
      "macro_f1": 0.8174835660935358,
      "severity_mae": 0.19230769230769232,
      "underestimation_rate": 0.07692307692307693
    },
    {
      "seed": 1,
      "view": "center",
      "best_val_macro_f1": 0.7608917234678296,
      "epochs": 68,
      "accuracy": 0.7794871794871795,
      "macro_f1": 0.7811696589709539,
      "severity_mae": 0.24358974358974358,
      "underestimation_rate": 0.09487179487179487
    },
    {
      "seed": 1,
      "view": "cross",
      "best_val_macro_f1": 0.7608917234678296,
      "epochs": 68,
      "accuracy": 0.8153846153846154,
      "macro_f1": 0.816941605839416,
      "severity_mae": 0.19487179487179487,
      "underestimation_rate": 0.08974358974358974
    },
    {
      "seed": 2,
      "view": "full",
      "best_val_macro_f1": 0.7386532460424086,
      "epochs": 49,
      "accuracy": 0.841025641025641,
      "macro_f1": 0.8426367191584584,
      "severity_mae": 0.16666666666666666,
      "underestimation_rate": 0.07179487179487179
    },
    {
      "seed": 2,
      "view": "center",
      "best_val_macro_f1": 0.7386532460424086,
      "epochs": 49,
      "accuracy": 0.7897435897435897,
      "macro_f1": 0.7903135587960491,
      "severity_mae": 0.22564102564102564,
      "underestimation_rate": 0.09743589743589744
    },
    {
      "seed": 2,
      "view": "cross",
      "best_val_macro_f1": 0.7386532460424086,
      "epochs": 49,
      "accuracy": 0.841025641025641,
      "macro_f1": 0.8423711364887835,
      "severity_mae": 0.16666666666666666,
      "underestimation_rate": 0.07435897435897436
    },
    {
      "seed": 3,
      "view": "full",
      "best_val_macro_f1": 0.7592964047848154,
      "epochs": 52,
      "accuracy": 0.841025641025641,
      "macro_f1": 0.8425762473121517,
      "severity_mae": 0.16923076923076924,
      "underestimation_rate": 0.06923076923076923
    },
    {
      "seed": 3,
      "view": "center",
      "best_val_macro_f1": 0.7592964047848154,
      "epochs": 52,
      "accuracy": 0.7974358974358975,
      "macro_f1": 0.7991946778711485,
      "severity_mae": 0.2153846153846154,
      "underestimation_rate": 0.08717948717948718
    },
    {
      "seed": 3,
      "view": "cross",
      "best_val_macro_f1": 0.7592964047848154,
      "epochs": 52,
      "accuracy": 0.8333333333333334,
      "macro_f1": 0.8348938134557997,
      "severity_mae": 0.1794871794871795,
      "underestimation_rate": 0.07179487179487179
    },
    {
      "seed": 4,
      "view": "full",
      "best_val_macro_f1": 0.76846533495698,
      "epochs": 81,
      "accuracy": 0.8051282051282052,
      "macro_f1": 0.8057991888399746,
      "severity_mae": 0.20512820512820512,
      "underestimation_rate": 0.07179487179487179
    },
    {
      "seed": 4,
      "view": "center",
      "best_val_macro_f1": 0.76846533495698,
      "epochs": 81,
      "accuracy": 0.7743589743589744,
      "macro_f1": 0.7761822004336644,
      "severity_mae": 0.23846153846153847,
      "underestimation_rate": 0.1
    },
    {
      "seed": 4,
      "view": "cross",
      "best_val_macro_f1": 0.76846533495698,
      "epochs": 81,
      "accuracy": 0.8051282051282052,
      "macro_f1": 0.8055343890777941,
      "severity_mae": 0.2,
      "underestimation_rate": 0.08205128205128205
    }
  ],
  "aggregate": {
    "full": {
      "accuracy": {
        "mean": 0.8287179487179488,
        "std": 0.017238703911765754
      },
      "macro_f1": {
        "mean": 0.830231588585962,
        "std": 0.017466058038980648
      },
      "severity_mae": {
        "mean": 0.18,
        "std": 0.017709022204955908
      },
      "underestimation_rate": {
        "mean": 0.06974358974358974,
        "std": 0.006637014925920403
      }
    },
    "center": {
      "accuracy": {
        "mean": 0.7887179487179488,
        "std": 0.011833826419707013
      },
      "macro_f1": {
        "mean": 0.7900571448530492,
        "std": 0.011551819040031313
      },
      "severity_mae": {
        "mean": 0.2276923076923077,
        "std": 0.012998760877575972
      },
      "underestimation_rate": {
        "mean": 0.09333333333333334,
        "std": 0.005903007401651972
      }
    },
    "cross": {
      "accuracy": {
        "mean": 0.8276923076923077,
        "std": 0.01675518897713286
      },
      "macro_f1": {
        "mean": 0.8289436664087194,
        "std": 0.017064767267146747
      },
      "severity_mae": {
        "mean": 0.18153846153846157,
        "std": 0.015533467929088171
      },
      "underestimation_rate": {
        "mean": 0.07538461538461537,
        "std": 0.011552697770326985
      }
    }
  }
}
