fold=0 done
fold=1 done
fold=2 done
fold=3 done
{
  "risk_auroc": {
    "mean": 0.653310389195975,
    "std": 0.03386196213946152
  },
  "target_0.05": {
    "test_coverage": {
      "mean": 0.5669354838709677,
      "std": 0.2740401215273579
    },
    "test_accepted_risk": {
      "mean": 0.0500819033380447,
      "std": 0.03302492432707016
    }
  },
  "target_0.10": {
    "test_coverage": {
      "mean": 0.8120967741935483,
      "std": 0.16497669035153997
    },
    "test_accepted_risk": {
      "mean": 0.09165574542966543,
      "std": 0.03444049991202568
    }
  },
  "target_0.20": {
    "test_coverage": {
      "mean": 0.9798387096774194,
      "std": 0.014030095000752554
    },
    "test_accepted_risk": {
      "mean": 0.09739272517296592,
      "std": 0.04030916640581927
    }
  }
}
