{
  "aggregate_point_metrics": {
    "full": {
      "accuracy": {
        "mean": 0.6274932614555255,
        "std": 0.01032721171668679
      },
      "macro_f1": {
        "mean": 0.6250688320811616,
        "std": 0.009863398837103627
      },
      "severity_mae": {
        "mean": 0.40030804774740086,
        "std": 0.01310504687028889
      },
      "underestimation_rate": {
        "mean": 0.2718521370812476,
        "std": 0.013308255416854415
      }
    },
    "center": {
      "accuracy": {
        "mean": 0.6020793222949556,
        "std": 0.004429023376052539
      },
      "macro_f1": {
        "mean": 0.5998914429399688,
        "std": 0.003708047801275816
      },
      "severity_mae": {
        "mean": 0.4321139776665383,
        "std": 0.005104038376474246
      },
      "underestimation_rate": {
        "mean": 0.2839430111667308,
        "std": 0.01582871659181346
      }
    },
    "center_plus_cross": {
      "accuracy": {
        "mean": 0.6441278398151713,
        "std": 0.00433427395156108
      },
      "macro_f1": {
        "mean": 0.642452418986693,
        "std": 0.004688008613764187
      },
      "severity_mae": {
        "mean": 0.3780515979976896,
        "std": 0.005992597651893898
      },
      "underestimation_rate": {
        "mean": 0.26045437042741626,
        "std": 0.00502499199622944
      }
    }
  },
  "paired_deltas_seed0": {
    "center": {
      "accuracy": {
        "estimate": -0.016545437042741626,
        "ci95": [
          -0.03542549095109748,
          0.0027050442818636806
        ]
      },
      "macro_f1": {
        "estimate": -0.019507211807608057,
        "ci95": [
          -0.039375460158888764,
          0.0002928350640099344
        ]
      },
      "severity_mae": {
        "estimate": 0.0176553715825953,
        "ci95": [
          -0.004235656526761666,
          0.03889102810935691
        ]
      },
      "underestimation_rate": {
        "estimate": -0.0012452830188679242,
        "ci95": [
          -0.016557566422795544,
          0.014247208317289206
        ]
      }
    },
    "center_plus_cross": {
      "accuracy": {
        "estimate": 0.02239353099730458,
        "ci95": [
          0.01386214863303814,
          0.03118983442433576
        ]
      },
      "macro_f1": {
        "estimate": 0.02048607950640212,
        "ci95": [
          0.010857834802587816,
          0.029768468299738622
        ]
      },
      "severity_mae": {
        "estimate": -0.0278182518290335,
        "ci95": [
          -0.038505968425105896,
          -0.01808817866769353
        ]
      },
      "underestimation_rate": {
        "estimate": -0.02814516750096265,
        "ci95": [
          -0.03542549095109743,
          -0.021168656141702
        ]
      }
    }
  }
}
