{
  "rect_center_0.35": {
    "accuracy": {
      "mean": 0.834871794871795,
      "std": 0.013024025742769523
    },
    "macro_f1": {
      "mean": 0.8368058994361551,
      "std": 0.013100975516178729
    },
    "severity_mae": {
      "mean": 0.1753846153846154,
      "std": 0.01523430848975687
    },
    "underestimation_rate": {
      "mean": 0.08410256410256411,
      "std": 0.003803178711331111
    }
  },
  "rect_center_0.45": {
    "accuracy": {
      "mean": 0.834871794871795,
      "std": 0.013024025742769523
    },
    "macro_f1": {
      "mean": 0.8368058994361551,
      "std": 0.013100975516178729
    },
    "severity_mae": {
      "mean": 0.1753846153846154,
      "std": 0.01523430848975687
    },
    "underestimation_rate": {
      "mean": 0.08410256410256411,
      "std": 0.003803178711331111
    }
  },
  "rect_center_0.55": {
    "accuracy": {
      "mean": 0.8348717948717947,
      "std": 0.012279169228080653
    },
    "macro_f1": {
      "mean": 0.8368058994361551,
      "std": 0.012351718170198546
    },
    "severity_mae": {
      "mean": 0.1753846153846154,
      "std": 0.014363043786393165
    },
    "underestimation_rate": {
      "mean": 0.08410256410256411,
      "std": 0.0035856712757953916
    }
  },
  "rect_center_0.65": {
    "accuracy": {
      "mean": 0.834871794871795,
      "std": 0.013024025742769523
    },
    "macro_f1": {
      "mean": 0.8368058994361551,
      "std": 0.013100975516178729
    },
    "severity_mae": {
      "mean": 0.1753846153846154,
      "std": 0.01523430848975687
    },
    "underestimation_rate": {
      "mean": 0.08410256410256411,
      "std": 0.003803178711331111
    }
  },
  "rect_center_0.75": {
    "accuracy": {
      "mean": 0.8394871794871795,
      "std": 0.015868459945400835
    },
    "macro_f1": {
      "mean": 0.840991268829888,
      "std": 0.015464051599850063
    },
    "severity_mae": {
      "mean": 0.17384615384615384,
      "std": 0.017985310683846338
    },
    "underestimation_rate": {
      "mean": 0.07692307692307693,
      "std": 0.004796996649710183
    }
  },
  "rect_center_0.90": {
    "accuracy": {
      "mean": 0.8394871794871795,
      "std": 0.015868459945400835
    },
    "macro_f1": {
      "mean": 0.840991268829888,
      "std": 0.015464051599850063
    },
    "severity_mae": {
      "mean": 0.17384615384615384,
      "std": 0.017985310683846338
    },
    "underestimation_rate": {
      "mean": 0.07692307692307693,
      "std": 0.004796996649710183
    }
  },
  "rect_left_0.55": {
    "accuracy": {
      "mean": 0.8112820512820512,
      "std": 0.006435846357954405
    },
    "macro_f1": {
      "mean": 0.8124116322421369,
      "std": 0.006379566262118102
    },
    "severity_mae": {
      "mean": 0.21025641025641026,
      "std": 0.007692307692307688
    },
    "underestimation_rate": {
      "mean": 0.08512820512820514,
      "std": 0.009830917698810674
    }
  },
  "rect_right_0.55": {
    "accuracy": {
      "mean": 0.7815384615384615,
      "std": 0.009137707528823282
    },
    "macro_f1": {
      "mean": 0.7834598423032915,
      "std": 0.009095560796946369
    },
    "severity_mae": {
      "mean": 0.22666666666666666,
      "std": 0.011264555198199383
    },
    "underestimation_rate": {
      "mean": 0.12256410256410258,
      "std": 0.0073424723401417195
    }
  },
  "rect_up_0.55": {
    "accuracy": {
      "mean": 0.7974358974358975,
      "std": 0.013688561861578612
    },
    "macro_f1": {
      "mean": 0.7991829752428582,
      "std": 0.013590109899130322
    },
    "severity_mae": {
      "mean": 0.21435897435897436,
      "std": 0.01423019171847344
    },
    "underestimation_rate": {
      "mean": 0.10461538461538462,
      "std": 0.011524207720125247
    }
  },
  "rect_down_0.55": {
    "accuracy": {
      "mean": 0.8097435897435897,
      "std": 0.011944425332156016
    },
    "macro_f1": {
      "mean": 0.8114514773945485,
      "std": 0.01180146658865583
    },
    "severity_mae": {
      "mean": 0.2061538461538462,
      "std": 0.013274029851840808
    },
    "underestimation_rate": {
      "mean": 0.09230769230769231,
      "std": 0.0036261886214694738
    }
  },
  "circle_center_0.35": {
    "accuracy": {
      "mean": 0.834871794871795,
      "std": 0.013024025742769523
    },
    "macro_f1": {
      "mean": 0.8368058994361551,
      "std": 0.013100975516178729
    },
    "severity_mae": {
      "mean": 0.1753846153846154,
      "std": 0.01523430848975687
    },
    "underestimation_rate": {
      "mean": 0.08410256410256411,
      "std": 0.003803178711331111
    }
  },
  "circle_center_0.45": {
    "accuracy": {
      "mean": 0.834871794871795,
      "std": 0.013024025742769523
    },
    "macro_f1": {
      "mean": 0.8368058994361551,
      "std": 0.013100975516178729
    },
    "severity_mae": {
      "mean": 0.1753846153846154,
      "std": 0.01523430848975687
    },
    "underestimation_rate": {
      "mean": 0.08410256410256411,
      "std": 0.003803178711331111
    }
  },
  "circle_center_0.55": {
    "accuracy": {
      "mean": 0.834871794871795,
      "std": 0.013024025742769523
    },
    "macro_f1": {
      "mean": 0.8368058994361551,
      "std": 0.013100975516178729
    },
    "severity_mae": {
      "mean": 0.1753846153846154,
      "std": 0.01523430848975687
    },
    "underestimation_rate": {
      "mean": 0.08410256410256411,
      "std": 0.003803178711331111
    }
  },
  "circle_center_0.65": {
    "accuracy": {
      "mean": 0.834871794871795,
      "std": 0.013024025742769523
    },
    "macro_f1": {
      "mean": 0.8368058994361551,
      "std": 0.013100975516178729
    },
    "severity_mae": {
      "mean": 0.1753846153846154,
      "std": 0.01523430848975687
    },
    "underestimation_rate": {
      "mean": 0.08410256410256411,
      "std": 0.003803178711331111
    }
  },
  "circle_center_0.75": {
    "accuracy": {
      "mean": 0.841025641025641,
      "std": 0.01641826727546886
    },
    "macro_f1": {
      "mean": 0.8424378098511986,
      "std": 0.016141135163998916
    },
    "severity_mae": {
      "mean": 0.1712820512820513,
      "std": 0.019222220322042363
    },
    "underestimation_rate": {
      "mean": 0.08,
      "std": 0.004213250442347432
    }
  },
  "circle_center_0.90": {
    "accuracy": {
      "mean": 0.841025641025641,
      "std": 0.01641826727546886
    },
    "macro_f1": {
      "mean": 0.8424378098511986,
      "std": 0.016141135163998916
    },
    "severity_mae": {
      "mean": 0.1712820512820513,
      "std": 0.019222220322042363
    },
    "underestimation_rate": {
      "mean": 0.08,
      "std": 0.004213250442347432
    }
  }
}
